[
  [
    "canteen_id",
    "mediziner-mensa"
  ],
  [
    "version",
    "2.1"
  ],
  [
    "weeks",
    [
      [
        [
          "days",
          [
            [
              [
                "date",
                "2018-10-29"
              ],
              [
                "dishes",
                [
                  [
                    [
                      "dish_type",
                      "Extraessen"
                    ],
                    [
                      "labels",
                      [
                        "FISH",
                        "GLUTEN",
                        "POULTRY",
                        "SESAME",
                        "SHELL_FRUITS",
                        "SOY"
                      ]
                    ],
                    [
                      "name",
                      "Asiatische Gemüse-Puten-Pfanne mit Reisnudeln"
                    ],
                    [
                      "prices",
                      [
                        [
                          "guests",
                          [
                            [
                              "base_price",
                              3.8
                            ],
                            [
                              "price_per_unit",
                              null
                            ],
                            [
                              "unit",
                              null
                            ]
                          ]
                        ],
                        [
                          "staff",
                          [
                            [
                              "base_price",
                              3.8
                            ],
                            [
                              "price_per_unit",
                              null
                            ],
                            [
                              "unit",
                              null
                            ]
                          ]
                        ],
                        [
                          "students",
                          [
                            [
                              "base_price",
                              3.8
                            ],
                            [
                              "price_per_unit",
                              null
                            ],
                            [
                              "unit",
                              null
                            ]
                          ]
                        ]
                      ]
                    ]
                  ],
                  [
                    [
                      "dish_type",
                      "Hauptkomponente"
                    ],
                    [
                      "labels",
                      [
                        "ANTIOXIDANTS",
                        "BEEF",
                        "LACTOSE",
                        "MEAT",
                        "MILK",
                        "SULFITES",
                        "SULPHURS"
                      ]
                    ],
                    [
                      "name",
                      "Gekochtes Ochsenfleisch mit Meerrettich"
                    ],
                    [
                      "prices",
                      [
                        [
                          "guests",
                          null
                        ],
                        [
                          "staff",
                          null
                        ],
                        [
                          "students",
                          null
                        ]
                      ]
                    ]
                  ],
                  [
                    [
                      "dish_type",
                      "Hauptkomponente"
                    ],
                    [
                      "labels",
                      [
                        "CHICKEN_EGGS",
                        "DYESTUFF",
                        "GLUTEN",
                        "LACTOSE",
                        "MILK",
                        "PRESERVATIVES"
                      ]
                    ],
                    [
                      "name",
                      "Kürbisauflauf"
                    ],
                    [
                      "prices",
                      [
                        [
                          "guests",
                          null
                        ],
                        [
                          "staff",
                          null
                        ],
                        [
                          "students",
                          null
                        ]
                      ]
                    ]
                  ],
                  [
                    [
                      "dish_type",
                      "Suppe"
                    ],
                    [
                      "labels",
                      [
                        "GLUTEN",
                        "LACTOSE",
                        "MILK"
                      ]
                    ],
                    [
                      "name",
                      "Spinatcremesuppe"
                    ],
                    [
                      "prices",
                      [
                        [
                          "guests",
                          null
                        ],
                        [
                          "staff",
                          null
                        ],
                        [
                          "students",
                          null
                        ]
                      ]
                    ]
                  ]
                ]
              ]
            ],
            [
              [
                "date",
                "2018-10-30"
              ],
              [
                "dishes",
                [
                  [
                    [
                      "dish_type",
                      "Extraessen"
                    ],
                    [
                      "labels",
                      [
                        "CHICKEN_EGGS",
                        "DYESTUFF",
                        "GLUTEN",
                        "LACTOSE",
                        "MILK",
                        "PRESERVATIVES"
                      ]
                    ],
                    [
                      "name",
                      "Conchiglioni Nudeln mit mit mediterranem Gemüse"
                    ],
                    [
                      "prices",
                      [
                        [
                          "guests",
                          [
                            [
                              "base_price",
                              3.15
                            ],
                            [
                              "price_per_unit",
                              null
                            ],
                            [
                              "unit",
                              null
                            ]
                          ]
                        ],
                        [
                          "staff",
                          [
                            [
                              "base_price",
                              3.15
                            ],
                            [
                              "price_per_unit",
                              null
                            ],
                            [
                              "unit",
                              null
                            ]
                          ]
                        ],
                        [
                          "students",
                          [
                            [
                              "base_price",
                              3.15
                            ],
                            [
                              "price_per_unit",
                              null
                            ],
                            [
                              "unit",
                              null
                            ]
                          ]
                        ]
                      ]
                    ]
                  ],
                  [
                    [
                      "dish_type",
                      "Hauptkomponente"
                    ],
                    [
                      "labels",
                      [
                        "ANTIOXIDANTS",
                        "FLAVOR_ENHANCER",
                        "GLUTEN",
                        "LACTOSE",
                        "MEAT",
                        "MILK",
                        "MUSTARD",
                        "PHOSPHATES",
                        "PORK",
                        "PRESERVATIVES"
                      ]
                    ],
                    [
                      "name",
                      "Oldenburger Grünkohl mit Mettenden"
                    ],
                    [
                      "prices",
                      [
                        [
                          "guests",
                          null
                        ],
                        [
                          "staff",
                          null
                        ],
                        [
                          "students",
                          null
                        ]
                      ]
                    ]
                  ],
                  [
                    [
                      "dish_type",
                      "Hauptkomponente"
                    ],
                    [
                      "labels",
                      [
                        "LACTOSE",
                        "MILK"
                      ]
                    ],
                    [
                      "name",
                      "Kaschmir Kohlrabi und Brokkoli"
                    ],
                    [
                      "prices",
                      [
                        [
                          "guests",
                          null
                        ],
                        [
                          "staff",
                          null
                        ],
                        [
                          "students",
                          null
                        ]
                      ]
                    ]
                  ],
                  [
                    [
                      "dish_type",
                      "Suppe"
                    ],
                    [
                      "labels",
                      [
                        "GLUTEN",
                        "LACTOSE",
                        "MILK"
                      ]
                    ],
                    [
                      "name",
                      "Selleriecremesuppe"
                    ],
                    [
                      "prices",
                      [
                        [
                          "guests",
                          null
                        ],
                        [
                          "staff",
                          null
                        ],
                        [
                          "students",
                          null
                        ]
                      ]
                    ]
                  ]
                ]
              ]
            ],
            [
              [
                "date",
                "2018-10-31"
              ],
              [
                "dishes",
                [
                  [
                    [
                      "dish_type",
                      "Extraessen"
                    ],
                    [
                      "labels",
                      [
                        "GLUTEN",
                        "MEAT",
                        "PORK",
                        "SULFITES",
                        "SULPHURS"
                      ]
                    ],
                    [
                      "name",
                      "Holzfällersteak mit Bratkartoffeln und Weißkrautsalat"
                    ],
                    [
                      "prices",
                      [
                        [
                          "guests",
                          [
                            [
                              "base_price",
                              3.7
                            ],
                            [
                              "price_per_unit",
                              null
                            ],
                            [
                              "unit",
                              null
                            ]
                          ]
                        ],
                        [
                          "staff",
                          [
                            [
                              "base_price",
                              3.7
                            ],
                            [
                              "price_per_unit",
                              null
                            ],
                            [
                              "unit",
                              null
                            ]
                          ]
                        ],
                        [
                          "students",
                          [
                            [
                              "base_price",
                              3.7
                            ],
                            [
                              "price_per_unit",
                              null
                            ],
                            [
                              "unit",
                              null
                            ]
                          ]
                        ]
                      ]
                    ]
                  ],
                  [
                    [
                      "dish_type",
                      "Hauptkomponente"
                    ],
                    [
                      "labels",
                      [
                        "CELERY",
                        "CHICKEN_EGGS",
                        "DYESTUFF",
                        "GLUTEN",
                        "LACTOSE",
                        "MILK",
                        "PRESERVATIVES"
                      ]
                    ],
                    [
                      "name",
                      "Herzhaftes Kartoffelgratin"
                    ],
                    [
                      "prices",
                      [
                        [
                          "guests",
                          null
                        ],
                        [
                          "staff",
                          null
                        ],
                        [
                          "students",
                          null
                        ]
                      ]
                    ]
                  ],
                  [
                    [
                      "dish_type",
                      "Hauptkomponente"
                    ],
                    [
                      "labels",
                      [
                        "CHICKEN_EGGS",
                        "DYESTUFF",
                        "GLUTEN",
                        "LACTOSE",
                        "MILK",
                        "SWEETENERS"
                      ]
                    ],
                    [
                      "name",
                      "Germknödel mit Vanillesoße"
                    ],
                    [
                      "prices",
                      [
                        [
                          "guests",
                          null
                        ],
                        [
                          "staff",
                          null
                        ],
                        [
                          "students",
                          null
                        ]
                      ]
                    ]
                  ],
                  [
                    [
                      "dish_type",
                      "Suppe"
                    ],
                    [
                      "labels",
                      []
                    ],
                    [
                      "name",
                      "Französische Zwiebelsuppe"
                    ],
                    [
                      "prices",
                      [
                        [
                          "guests",
                          null
                        ],
                        [
                          "staff",
                          null
                        ],
                        [
                          "students",
                          null
                        ]
                      ]
                    ]
                  ]
                ]
              ]
            ],
            [
              [
                "date",
                "2018-11-01"
              ],
              [
                "dishes",
                [
                  [
                    [
                      "dish_type",
                      "Hauptkomponente"
                    ],
                    [
                      "labels",
                      [
                        "GLUTEN",
                        "PRESERVATIVES",
                        "SESAME",
                        "SHELL_FRUITS",
                        "SOY"
                      ]
                    ],
                    [
                      "name",
                      "In Sesamöl gebratenes Wokgemüse"
                    ],
                    [
                      "prices",
                      [
                        [
                          "guests",
                          null
                        ],
                        [
                          "staff",
                          null
                        ],
                        [
                          "students",
                          null
                        ]
                      ]
                    ]
                  ],
                  [
                    [
                      "dish_type",
                      "Hauptkomponente"
                    ],
                    [
                      "labels",
                      [
                        "POULTRY"
                      ]
                    ],
                    [
                      "name",
                      "Hähnchenbrust gegrillt"
                    ],
                    [
                      "prices",
                      [
                        [
                          "guests",
                          null
                        ],
                        [
                          "staff",
                          null
                        ],
                        [
                          "students",
                          null
                        ]
                      ]
                    ]
                  ],
                  [
                    [
                      "dish_type",
                      "Suppe"
                    ],
                    [
                      "labels",
                      [
                        "GLUTEN",
                        "LACTOSE",
                        "MILK"
                      ]
                    ],
                    [
                      "name",
                      "Süßkartoffelcremesuppe"
                    ],
                    [
                      "prices",
                      [
                        [
                          "guests",
                          null
                        ],
                        [
                          "staff",
                          null
                        ],
                        [
                          "students",
                          null
                        ]
                      ]
                    ]
                  ]
                ]
              ]
            ],
            [
              [
                "date",
                "2018-11-02"
              ],
              [
                "dishes",
                [
                  [
                    [
                      "dish_type",
                      "Extraessen"
                    ],
                    [
                      "labels",
                      [
                        "ANTIOXIDANTS",
                        "GLUTEN",
                        "SULFITES",
                        "SULPHURS",
                        "SWEETENERS"
                      ]
                    ],
                    [
                      "name",
                      "Chili con Cous Cous mit Kürbis-Apfel-Salat"
                    ],
                    [
                      "prices",
                      [
                        [
                          "guests",
                          [
                            [
                              "base_price",
                              2.15
                            ],
                            [
                              "price_per_unit",
                              null
                            ],
                            [
                              "unit",
                              null
                            ]
                          ]
                        ],
                        [
                          "staff",
                          [
                            [
                              "base_price",
                              2.15
                            ],
                            [
                              "price_per_unit",
                              null
                            ],
                            [
                              "unit",
                              null
                            ]
                          ]
                        ],
                        [
                          "students",
                          [
                            [
                              "base_price",
                              2.15
                            ],
                            [
                              "price_per_unit",
                              null
                            ],
                            [
                              "unit",
                              null
                            ]
                          ]
                        ]
                      ]
                    ]
                  ],
                  [
                    [
                      "dish_type",
                      "Hauptkomponente"
                    ],
                    [
                      "labels",
                      [
                        "ANTIOXIDANTS",
                        "CHICKEN_EGGS",
                        "GLUTEN",
                        "LACTOSE",
                        "MILK",
                        "PRESERVATIVES",
                        "SULFITES",
                        "SULPHURS"
                      ]
                    ],
                    [
                      "name",
                      "Quarkklößchen"
                    ],
                    [
                      "prices",
                      [
                        [
                          "guests",
                          null
                        ],
                        [
                          "staff",
                          null
                        ],
                        [
                          "students",
                          null
                        ]
                      ]
                    ]
                  ],
                  [
                    [
                      "dish_type",
                      "Hauptkomponente"
                    ],
                    [
                      "labels",
                      [
                        "FISH",
                        "GLUTEN"
                      ]
                    ],
                    [
                      "name",
                      "Forelle \"Müllerin Art \""
                    ],
                    [
                      "prices",
                      [
                        [
                          "guests",
                          null
                        ],
                        [
                          "staff",
                          null
                        ],
                        [
                          "students",
                          null
                        ]
                      ]
                    ]
                  ],
                  [
                    [
                      "dish_type",
                      "Suppe"
                    ],
                    [
                      "labels",
                      [
                        "GLUTEN",
                        "LACTOSE",
                        "MILK"
                      ]
                    ],
                    [
                      "name",
                      "Brokkolicremesuppe"
                    ],
                    [
                      "prices",
                      [
                        [
                          "guests",
                          null
                        ],
                        [
                          "staff",
                          null
                        ],
                        [
                          "students",
                          null
                        ]
                      ]
                    ]
                  ]
                ]
              ]
            ],
            [
              [
                "date",
                "2018-11-03"
              ],
              [
                "dishes",
                [
                  [
                    [
                      "dish_type",
                      "Hauptkomponente"
                    ],
                    [
                      "labels",
                      [
                        "CHICKEN_EGGS",
                        "GLUTEN",
                        "LACTOSE",
                        "MILK",
                        "POULTRY",
                        "SOY"
                      ]
                    ],
                    [
                      "name",
                      "Geflügelpflanzerl"
                    ],
                    [
                      "prices",
                      [
                        [
                          "guests",
                          null
                        ],
                        [
                          "staff",
                          null
                        ],
                        [
                          "students",
                          null
                        ]
                      ]
                    ]
                  ],
                  [
                    [
                      "dish_type",
                      "Hauptkomponente"
                    ],
                    [
                      "labels",
                      [
                        "GLUTEN"
                      ]
                    ],
                    [
                      "name",
                      "Krauttopf mit einer Vollkornsemmel"
                    ],
                    [
                      "prices",
                      [
                        [
                          "guests",
                          null
                        ],
                        [
                          "staff",
                          null
                        ],
                        [
                          "students",
                          null
                        ]
                      ]
                    ]
                  ],
                  [
                    [
                      "dish_type",
                      "Suppe"
                    ],
                    [
                      "labels",
                      [
                        "BEEF",
                        "CELERY",
                        "CHICKEN_EGGS",
                        "GLUTEN",
                        "MEAT",
                        "PORK"
                      ]
                    ],
                    [
                      "name",
                      "Bratspätzlesuppe"
                    ],
                    [
                      "prices",
                      [
                        [
                          "guests",
                          null
                        ],
                        [
                          "staff",
                          null
                        ],
                        [
                          "students",
                          null
                        ]
                      ]
                    ]
                  ]
                ]
              ]
            ],
            [
              [
                "date",
                "2018-11-04"
              ],
              [
                "dishes",
                [
                  [
                    [
                      "dish_type",
                      "Hauptkomponente"
                    ],
                    [
                      "labels",
                      [
                        "DYESTUFF",
                        "GLUTEN",
                        "LACTOSE",
                        "MILK",
                        "PRESERVATIVES"
                      ]
                    ],
                    [
                      "name",
                      "Vegetarische Moussaka"
                    ],
                    [
                      "prices",
                      [
                        [
                          "guests",
                          null
                        ],
                        [
                          "staff",
                          null
                        ],
                        [
                          "students",
                          null
                        ]
                      ]
                    ]
                  ],
                  [
                    [
                      "dish_type",
                      "Hauptkomponente"
                    ],
                    [
                      "labels",
                      [
                        "MEAT",
                        "VEAL"
                      ]
                    ],
                    [
                      "name",
                      "Geschmortes Kalbfleisch"
                    ],
                    [
                      "prices",
                      [
                        [
                          "guests",
                          null
                        ],
                        [
                          "staff",
                          null
                        ],
                        [
                          "students",
                          null
                        ]
                      ]
                    ]
                  ],
                  [
                    [
                      "dish_type",
                      "Suppe"
                    ],
                    [
                      "labels",
                      [
                        "DYESTUFF",
                        "GLUTEN",
                        "LACTOSE",
                        "MILK",
                        "PRESERVATIVES"
                      ]
                    ],
                    [
                      "name",
                      "Käsecremesuppe"
                    ],
                    [
                      "prices",
                      [
                        [
                          "guests",
                          null
                        ],
                        [
                          "staff",
                          null
                        ],
                        [
                          "students",
                          null
                        ]
                      ]
                    ]
                  ]
                ]
              ]
            ]
          ]
        ],
        [
          "number",
          44
        ],
        [
          "year",
          2018
        ]
      ]
    ]
  ]
]
