[
  [
    "canteen_id",
    "mediziner-mensa"
  ],
  [
    "version",
    "2.1"
  ],
  [
    "weeks",
    [
      [
        [
          "days",
          [
            [
              [
                "date",
                "2018-11-19"
              ],
              [
                "dishes",
                [
                  [
                    [
                      "dish_type",
                      "Extraessen"
                    ],
                    [
                      "labels",
                      [
                        "GLUTEN",
                        "LACTOSE",
                        "MILK",
                        "SOY",
                        "SULFITES",
                        "SULPHURS"
                      ]
                    ],
                    [
                      "name",
                      "Thai-Curry aus Blumenkohl und Kartoffeln mit Gemüsreis und Salat"
                    ],
                    [
                      "prices",
                      [
                        [
                          "guests",
                          [
                            [
                              "base_price",
                              2.2
                            ],
                            [
                              "price_per_unit",
                              null
                            ],
                            [
                              "unit",
                              null
                            ]
                          ]
                        ],
                        [
                          "staff",
                          [
                            [
                              "base_price",
                              2.2
                            ],
                            [
                              "price_per_unit",
                              null
                            ],
                            [
                              "unit",
                              null
                            ]
                          ]
                        ],
                        [
                          "students",
                          [
                            [
                              "base_price",
                              2.2
                            ],
                            [
                              "price_per_unit",
                              null
                            ],
                            [
                              "unit",
                              null
                            ]
                          ]
                        ]
                      ]
                    ]
                  ],
                  [
                    [
                      "dish_type",
                      "Hauptkomponente"
                    ],
                    [
                      "labels",
                      [
                        "CELERY",
                        "GLUTEN"
                      ]
                    ],
                    [
                      "name",
                      "Spaghetti \" Gemüsebolognese \""
                    ],
                    [
                      "prices",
                      [
                        [
                          "guests",
                          null
                        ],
                        [
                          "staff",
                          null
                        ],
                        [
                          "students",
                          null
                        ]
                      ]
                    ]
                  ],
                  [
                    [
                      "dish_type",
                      "Hauptkomponente"
                    ],
                    [
                      "labels",
                      [
                        "LACTOSE",
                        "MEAT",
                        "MILK",
                        "PORK"
                      ]
                    ],
                    [
                      "name",
                      "Pfannengyros mit Tzaziki"
                    ],
                    [
                      "prices",
                      [
                        [
                          "guests",
                          null
                        ],
                        [
                          "staff",
                          null
                        ],
                        [
                          "students",
                          null
                        ]
                      ]
                    ]
                  ],
                  [
                    [
                      "dish_type",
                      "Suppe"
                    ],
                    [
                      "labels",
                      [
                        "GLUTEN",
                        "LACTOSE",
                        "MILK"
                      ]
                    ],
                    [
                      "name",
                      "Blumenkohlcremesuppe"
                    ],
                    [
                      "prices",
                      [
                        [
                          "guests",
                          null
                        ],
                        [
                          "staff",
                          null
                        ],
                        [
                          "students",
                          null
                        ]
                      ]
                    ]
                  ]
                ]
              ]
            ],
            [
              [
                "date",
                "2018-11-20"
              ],
              [
                "dishes",
                [
                  [
                    [
                      "dish_type",
                      "Extraessen"
                    ],
                    [
                      "labels",
                      [
                        "FISH",
                        "GLUTEN",
                        "LACTOSE",
                        "MILK"
                      ]
                    ],
                    [
                      "name",
                      "Rotbarschfischfilet in Dillsoße mit Kürbisgemüse und Wacholderreis"
                    ],
                    [
                      "prices",
                      [
                        [
                          "guests",
                          [
                            [
                              "base_price",
                              3.65
                            ],
                            [
                              "price_per_unit",
                              null
                            ],
                            [
                              "unit",
                              null
                            ]
                          ]
                        ],
                        [
                          "staff",
                          [
                            [
                              "base_price",
                              3.65
                            ],
                            [
                              "price_per_unit",
                              null
                            ],
                            [
                              "unit",
                              null
                            ]
                          ]
                        ],
                        [
                          "students",
                          [
                            [
                              "base_price",
                              3.65
                            ],
                            [
                              "price_per_unit",
                              null
                            ],
                            [
                              "unit",
                              null
                            ]
                          ]
                        ]
                      ]
                    ]
                  ],
                  [
                    [
                      "dish_type",
                      "Hauptkomponente"
                    ],
                    [
                      "labels",
                      [
                        "BEEF",
                        "CELERY",
                        "MEAT"
                      ]
                    ],
                    [
                      "name",
                      "Grüner Bohneneintopf mit Rindfleisch"
                    ],
                    [
                      "prices",
                      [
                        [
                          "guests",
                          null
                        ],
                        [
                          "staff",
                          null
                        ],
                        [
                          "students",
                          null
                        ]
                      ]
                    ]
                  ],
                  [
                    [
                      "dish_type",
                      "Hauptkomponente"
                    ],
                    [
                      "labels",
                      [
                        "CELERY",
                        "GLUTEN"
                      ]
                    ],
                    [
                      "name",
                      "Veggi-Gulasch"
                    ],
                    [
                      "prices",
                      [
                        [
                          "guests",
                          null
                        ],
                        [
                          "staff",
                          null
                        ],
                        [
                          "students",
                          null
                        ]
                      ]
                    ]
                  ],
                  [
                    [
                      "dish_type",
                      "Suppe"
                    ],
                    [
                      "labels",
                      [
                        "GLUTEN",
                        "LACTOSE",
                        "MILK"
                      ]
                    ],
                    [
                      "name",
                      "Gelbe Erbsensuppe"
                    ],
                    [
                      "prices",
                      [
                        [
                          "guests",
                          null
                        ],
                        [
                          "staff",
                          null
                        ],
                        [
                          "students",
                          null
                        ]
                      ]
                    ]
                  ]
                ]
              ]
            ],
            [
              [
                "date",
                "2018-11-21"
              ],
              [
                "dishes",
                [
                  [
                    [
                      "dish_type",
                      "Extraessen"
                    ],
                    [
                      "labels",
                      [
                        "ANTIOXIDANTS",
                        "GLUTEN",
                        "LACTOSE",
                        "MILK",
                        "MUSTARD",
                        "PHOSPHATES",
                        "POULTRY",
                        "PRESERVATIVES",
                        "SULFITES",
                        "SULPHURS"
                      ]
                    ],
                    [
                      "name",
                      "Schinkennudeln mit Tomatensoße, dazu gemischter Salat"
                    ],
                    [
                      "prices",
                      [
                        [
                          "guests",
                          [
                            [
                              "base_price",
                              2.1
                            ],
                            [
                              "price_per_unit",
                              null
                            ],
                            [
                              "unit",
                              null
                            ]
                          ]
                        ],
                        [
                          "staff",
                          [
                            [
                              "base_price",
                              2.1
                            ],
                            [
                              "price_per_unit",
                              null
                            ],
                            [
                              "unit",
                              null
                            ]
                          ]
                        ],
                        [
                          "students",
                          [
                            [
                              "base_price",
                              2.1
                            ],
                            [
                              "price_per_unit",
                              null
                            ],
                            [
                              "unit",
                              null
                            ]
                          ]
                        ]
                      ]
                    ]
                  ],
                  [
                    [
                      "dish_type",
                      "Hauptkomponente"
                    ],
                    [
                      "labels",
                      [
                        "CELERY",
                        "CHICKEN_EGGS",
                        "GLUTEN",
                        "LACTOSE",
                        "MILK"
                      ]
                    ],
                    [
                      "name",
                      "Gemüsekuchen mit Mozzarella überbacken"
                    ],
                    [
                      "prices",
                      [
                        [
                          "guests",
                          null
                        ],
                        [
                          "staff",
                          null
                        ],
                        [
                          "students",
                          null
                        ]
                      ]
                    ]
                  ],
                  [
                    [
                      "dish_type",
                      "Hauptkomponente"
                    ],
                    [
                      "labels",
                      [
                        "GLUTEN",
                        "MEAT",
                        "PORK"
                      ]
                    ],
                    [
                      "name",
                      "Schweinegulasch"
                    ],
                    [
                      "prices",
                      [
                        [
                          "guests",
                          null
                        ],
                        [
                          "staff",
                          null
                        ],
                        [
                          "students",
                          null
                        ]
                      ]
                    ]
                  ],
                  [
                    [
                      "dish_type",
                      "Suppe"
                    ],
                    [
                      "labels",
                      [
                        "BEEF",
                        "CELERY",
                        "MEAT"
                      ]
                    ],
                    [
                      "name",
                      "Rinderbrühe \" Gärtnerin \""
                    ],
                    [
                      "prices",
                      [
                        [
                          "guests",
                          null
                        ],
                        [
                          "staff",
                          null
                        ],
                        [
                          "students",
                          null
                        ]
                      ]
                    ]
                  ]
                ]
              ]
            ],
            [
              [
                "date",
                "2018-11-22"
              ],
              [
                "dishes",
                [
                  [
                    [
                      "dish_type",
                      "Extraessen"
                    ],
                    [
                      "labels",
                      [
                        "DYESTUFF",
                        "LACTOSE",
                        "MILK",
                        "PRESERVATIVES",
                        "SULFITES",
                        "SULPHURS"
                      ]
                    ],
                    [
                      "name",
                      "Pikantes Risotto mit buntem Gemüse und Tomatensalat mit Basilikum"
                    ],
                    [
                      "prices",
                      [
                        [
                          "guests",
                          [
                            [
                              "base_price",
                              2.15
                            ],
                            [
                              "price_per_unit",
                              null
                            ],
                            [
                              "unit",
                              null
                            ]
                          ]
                        ],
                        [
                          "staff",
                          [
                            [
                              "base_price",
                              2.15
                            ],
                            [
                              "price_per_unit",
                              null
                            ],
                            [
                              "unit",
                              null
                            ]
                          ]
                        ],
                        [
                          "students",
                          [
                            [
                              "base_price",
                              2.15
                            ],
                            [
                              "price_per_unit",
                              null
                            ],
                            [
                              "unit",
                              null
                            ]
                          ]
                        ]
                      ]
                    ]
                  ],
                  [
                    [
                      "dish_type",
                      "Hauptkomponente"
                    ],
                    [
                      "labels",
                      [
                        "BEEF",
                        "CHICKEN_EGGS",
                        "GLUTEN",
                        "LACTOSE",
                        "MEAT",
                        "MILK",
                        "MUSTARD",
                        "SOY"
                      ]
                    ],
                    [
                      "name",
                      "Rinderhackbraten"
                    ],
                    [
                      "prices",
                      [
                        [
                          "guests",
                          null
                        ],
                        [
                          "staff",
                          null
                        ],
                        [
                          "students",
                          null
                        ]
                      ]
                    ]
                  ],
                  [
                    [
                      "dish_type",
                      "Hauptkomponente"
                    ],
                    [
                      "labels",
                      [
                        "CHICKEN_EGGS",
                        "GLUTEN",
                        "LACTOSE",
                        "MILK"
                      ]
                    ],
                    [
                      "name",
                      "Dinkel-Kräuterbratling"
                    ],
                    [
                      "prices",
                      [
                        [
                          "guests",
                          null
                        ],
                        [
                          "staff",
                          null
                        ],
                        [
                          "students",
                          null
                        ]
                      ]
                    ]
                  ],
                  [
                    [
                      "dish_type",
                      "Suppe"
                    ],
                    [
                      "labels",
                      [
                        "GLUTEN",
                        "LACTOSE",
                        "MILK"
                      ]
                    ],
                    [
                      "name",
                      "Kürbiscremesuppe"
                    ],
                    [
                      "prices",
                      [
                        [
                          "guests",
                          null
                        ],
                        [
                          "staff",
                          null
                        ],
                        [
                          "students",
                          null
                        ]
                      ]
                    ]
                  ]
                ]
              ]
            ],
            [
              [
                "date",
                "2018-11-23"
              ],
              [
                "dishes",
                [
                  [
                    [
                      "dish_type",
                      "Extraessen"
                    ],
                    [
                      "labels",
                      [
                        "ANTIOXIDANTS",
                        "CHICKEN_EGGS",
                        "FLAVOR_ENHANCER",
                        "GLUTEN",
                        "MEAT",
                        "MUSTARD",
                        "PORK",
                        "POULTRY"
                      ]
                    ],
                    [
                      "name",
                      "Paniertes Schnitzel vom Schwein und Pute mit Kartoffelmayosalat und Zitronenecke"
                    ],
                    [
                      "prices",
                      [
                        [
                          "guests",
                          [
                            [
                              "base_price",
                              3.6
                            ],
                            [
                              "price_per_unit",
                              null
                            ],
                            [
                              "unit",
                              null
                            ]
                          ]
                        ],
                        [
                          "staff",
                          [
                            [
                              "base_price",
                              3.6
                            ],
                            [
                              "price_per_unit",
                              null
                            ],
                            [
                              "unit",
                              null
                            ]
                          ]
                        ],
                        [
                          "students",
                          [
                            [
                              "base_price",
                              3.6
                            ],
                            [
                              "price_per_unit",
                              null
                            ],
                            [
                              "unit",
                              null
                            ]
                          ]
                        ]
                      ]
                    ]
                  ],
                  [
                    [
                      "dish_type",
                      "Hauptkomponente"
                    ],
                    [
                      "labels",
                      [
                        "ANTIOXIDANTS",
                        "CHICKEN_EGGS",
                        "GLUTEN",
                        "LACTOSE",
                        "MILK",
                        "SOY",
                        "SWEETENERS"
                      ]
                    ],
                    [
                      "name",
                      "Scheiterhaufen mit Apfel-Vanille-Ragout"
                    ],
                    [
                      "prices",
                      [
                        [
                          "guests",
                          null
                        ],
                        [
                          "staff",
                          null
                        ],
                        [
                          "students",
                          null
                        ]
                      ]
                    ]
                  ],
                  [
                    [
                      "dish_type",
                      "Hauptkomponente"
                    ],
                    [
                      "labels",
                      [
                        "POULTRY"
                      ]
                    ],
                    [
                      "name",
                      "Gebratene Hähnchenbrust"
                    ],
                    [
                      "prices",
                      [
                        [
                          "guests",
                          null
                        ],
                        [
                          "staff",
                          null
                        ],
                        [
                          "students",
                          null
                        ]
                      ]
                    ]
                  ],
                  [
                    [
                      "dish_type",
                      "Suppe"
                    ],
                    [
                      "labels",
                      [
                        "CELERY",
                        "CHICKEN_EGGS",
                        "GLUTEN"
                      ]
                    ],
                    [
                      "name",
                      "Minestrone"
                    ],
                    [
                      "prices",
                      [
                        [
                          "guests",
                          null
                        ],
                        [
                          "staff",
                          null
                        ],
                        [
                          "students",
                          null
                        ]
                      ]
                    ]
                  ]
                ]
              ]
            ],
            [
              [
                "date",
                "2018-11-24"
              ],
              [
                "dishes",
                [
                  [
                    [
                      "dish_type",
                      "Hauptkomponente"
                    ],
                    [
                      "labels",
                      [
                        "BEEF",
                        "CELERY",
                        "MEAT"
                      ]
                    ],
                    [
                      "name",
                      "Pichelsteiner Gemüseeintopf mit Rindfleisch"
                    ],
                    [
                      "prices",
                      [
                        [
                          "guests",
                          null
                        ],
                        [
                          "staff",
                          null
                        ],
                        [
                          "students",
                          null
                        ]
                      ]
                    ]
                  ],
                  [
                    [
                      "dish_type",
                      "Hauptkomponente"
                    ],
                    [
                      "labels",
                      [
                        "CELERY",
                        "GLUTEN",
                        "LACTOSE",
                        "MILK"
                      ]
                    ],
                    [
                      "name",
                      "Ofenkartoffel mit herzhaftem Gemüseragout"
                    ],
                    [
                      "prices",
                      [
                        [
                          "guests",
                          null
                        ],
                        [
                          "staff",
                          null
                        ],
                        [
                          "students",
                          null
                        ]
                      ]
                    ]
                  ],
                  [
                    [
                      "dish_type",
                      "Suppe"
                    ],
                    [
                      "labels",
                      [
                        "GLUTEN",
                        "LACTOSE",
                        "MILK"
                      ]
                    ],
                    [
                      "name",
                      "Tomatencremesuppe"
                    ],
                    [
                      "prices",
                      [
                        [
                          "guests",
                          null
                        ],
                        [
                          "staff",
                          null
                        ],
                        [
                          "students",
                          null
                        ]
                      ]
                    ]
                  ]
                ]
              ]
            ],
            [
              [
                "date",
                "2018-11-25"
              ],
              [
                "dishes",
                [
                  [
                    [
                      "dish_type",
                      "Hauptkomponente"
                    ],
                    [
                      "labels",
                      [
                        "CHICKEN_EGGS",
                        "GLUTEN",
                        "LACTOSE",
                        "MILK"
                      ]
                    ],
                    [
                      "name",
                      "Eieromelett"
                    ],
                    [
                      "prices",
                      [
                        [
                          "guests",
                          null
                        ],
                        [
                          "staff",
                          null
                        ],
                        [
                          "students",
                          null
                        ]
                      ]
                    ]
                  ],
                  [
                    [
                      "dish_type",
                      "Hauptkomponente"
                    ],
                    [
                      "labels",
                      [
                        "GLUTEN",
                        "LACTOSE",
                        "MILK",
                        "POULTRY"
                      ]
                    ],
                    [
                      "name",
                      "Glasierter Putenbraten in Kräuterrahmsoße"
                    ],
                    [
                      "prices",
                      [
                        [
                          "guests",
                          null
                        ],
                        [
                          "staff",
                          null
                        ],
                        [
                          "students",
                          null
                        ]
                      ]
                    ]
                  ],
                  [
                    [
                      "dish_type",
                      "Suppe"
                    ],
                    [
                      "labels",
                      [
                        "CHICKEN_EGGS",
                        "GLUTEN"
                      ]
                    ],
                    [
                      "name",
                      "Grießnockerlsuppe"
                    ],
                    [
                      "prices",
                      [
                        [
                          "guests",
                          null
                        ],
                        [
                          "staff",
                          null
                        ],
                        [
                          "students",
                          null
                        ]
                      ]
                    ]
                  ]
                ]
              ]
            ]
          ]
        ],
        [
          "number",
          47
        ],
        [
          "year",
          2018
        ]
      ]
    ]
  ]
]
